###############################################################################
#
# IAR ELF Linker V8.40.2.214/W32 for ARM                  22/Jan/2020  09:16:44
# Copyright 2007-2019 IAR Systems AB.
#
#    Output file  =  C:\Embedded_Programming\Lesson_16\Debug\Exe\Project.out
#    Map file     =  C:\Embedded_Programming\Lesson_16\Debug\List\Project.map
#    Command line =
#        -f C:\Users\twojtasz\AppData\Local\Temp\EWFC58.tmp
#        (C:\Embedded_Programming\Lesson_16\Debug\Obj\bsp.o
#        C:\Embedded_Programming\Lesson_16\Debug\Obj\main.o
#        C:\Embedded_Programming\Lesson_16\Debug\Obj\startup_tm4c.o
#        --no_out_extension -o
#        C:\Embedded_Programming\Lesson_16\Debug\Exe\Project.out --redirect
#        _Printf=_PrintfFullNoMb --redirect _Scanf=_ScanfFullNoMb --map
#        C:\Embedded_Programming\Lesson_16\Debug\List\Project.map --config
#        C:\Embedded_Programming\Lesson_16\Project.icf --semihosting --entry
#        __iar_program_start --vfe --text_out locale)
#
###############################################################################

*******************************************************************************
*** RUNTIME MODEL ATTRIBUTES
***

CppFlavor       = *
__SystemLibrary = DLib
__dlib_version  = 6


*******************************************************************************
*** HEAP SELECTION
***

The basic heap was selected because some modules are built with
size limitations (and not runtime checking), and --advanced_heap
was not specified.


*******************************************************************************
*** PLACEMENT SUMMARY
***

"A0":  place at address 0x0 { ro section .intvec };
"P1":  place in [from 0x0 to 0x3'ffff] { ro };
define block CSTACK with size = 1K, alignment = 8 { };
define block HEAP with size = 0, alignment = 8 { };
"P2":  place in [from 0x2000'0000 to 0x2000'7fff] {
          rw, block CSTACK, block HEAP };

No sections matched the following patterns:

  rw  in "P2"


  Section   Kind         Address   Size  Object
  -------   ----         -------   ----  ------
"A0":                             0x26c
  .intvec   const            0x0  0x26c  startup_tm4c.o [1]
                         - 0x26c  0x26c

"P1":                             0x1c4
  .text     ro code        0x26c   0x88  main.o [1]
  .text     ro code        0x2f4   0x54  startup_tm4c.o [1]
  .text     ro code        0x348   0x38  bsp.o [1]
  .text     ro code        0x380   0x22  fpinit_M.o [3]
  .text     ro code        0x3a4   0x1e  cmain.o [4]
  .text     ro code        0x3c2    0x4  low_level_init.o [2]
  .text     ro code        0x3c6    0x4  exit.o [2]
  .text     ro code        0x3cc    0xa  cexit.o [4]
  .text     ro code        0x3d8   0x14  exit.o [5]
  .rodata   const          0x3ec    0xc  startup_tm4c.o [1]
  .rodata   const          0x3f8    0xc  startup_tm4c.o [1]
  .rodata   const          0x404    0xc  startup_tm4c.o [1]
  .rodata   const          0x410    0xc  startup_tm4c.o [1]
  .text     ro code        0x41c    0xc  cstartup_M.o [4]
  .rodata   const          0x428    0x8  startup_tm4c.o [1]
                         - 0x430  0x1c4

"P2":                             0x400
  CSTACK             0x2000'0000  0x400  <Block>
    CSTACK  uninit   0x2000'0000  0x400  <Block tail>
                   - 0x2000'0400  0x400

Unused ranges:

         From           To      Size
         ----           --      ----
        0x430     0x3'ffff  0x3'fbd0
  0x2000'0400  0x2000'7fff    0x7c00



*******************************************************************************
*** MODULE SUMMARY
***

    Module            ro code  ro data  rw data
    ------            -------  -------  -------
command line/config:
    -------------------------------------------
    Total:

C:\Embedded_Programming\Lesson_16\Debug\Obj: [1]
    bsp.o                  56
    main.o                136
    startup_tm4c.o         84      676
    -------------------------------------------
    Total:                276      676

dl7M_tln.a: [2]
    exit.o                  4
    low_level_init.o        4
    -------------------------------------------
    Total:                  8

m7M_tls.a: [3]
    fpinit_M.o             34
    -------------------------------------------
    Total:                 34

rt7M_tl.a: [4]
    cexit.o                10
    cmain.o                30
    cstartup_M.o           12
    -------------------------------------------
    Total:                 52

shb_l.a: [5]
    exit.o                 20
    -------------------------------------------
    Total:                 20

    Gaps                    6
    Linker created                        1'024
-----------------------------------------------
    Grand Total:          396      676    1'024


*******************************************************************************
*** ENTRY LIST
***

Entry                     Address   Size  Type      Object
-----                     -------   ----  ----      ------
?main                       0x3a5         Code  Gb  cmain.o [4]
BusFault_Handler            0x313    0xa  Code  Gb  startup_tm4c.o [1]
CSTACK$$Base          0x2000'0000          --   Gb  - Linker created -
CSTACK$$Limit         0x2000'0400         Data  Gb  - Linker created -
HardFault_Handler           0x2f5    0xa  Code  Gb  startup_tm4c.o [1]
MemManage_Handler           0x309    0xa  Code  Gb  startup_tm4c.o [1]
NMI_Handler                 0x2ff    0xa  Code  Gb  startup_tm4c.o [1]
Region$$Table$$Base           0x0          --   Gb  - Linker created -
Region$$Table$$Limit          0x0          --   Gb  - Linker created -
SysTick_Handler             0x369    0xc  Code  Gb  bsp.o [1]
Unused_Handler              0x327    0xa  Code  Gb  startup_tm4c.o [1]
UsageFault_Handler          0x31d    0xa  Code  Gb  startup_tm4c.o [1]
__NVIC_EnableIRQ            0x26d   0x1c  Code  Lc  main.o [1]
__NVIC_SystemReset          0x349   0x1a  Code  Lc  bsp.o [1]
__cmain                     0x3a5         Code  Gb  cmain.o [4]
__exit                      0x3d9   0x14  Code  Gb  exit.o [5]
__iar_init_vfp              0x381         Code  Gb  fpinit_M.o [3]
__iar_program_start         0x41d         Code  Gb  cstartup_M.o [4]
__low_level_init            0x3c3    0x4  Code  Gb  low_level_init.o [2]
__vector_table                0x0  0x26c  Data  Gb  startup_tm4c.o [1]
_call_main                  0x3b1         Code  Gb  cmain.o [4]
_exit                       0x3cd         Code  Gb  cexit.o [4]
_main                       0x3bf         Code  Gb  cmain.o [4]
assert_failed               0x363    0x6  Code  Gb  bsp.o [1]
exit                        0x3c7    0x4  Code  Gb  exit.o [2]
main                        0x289   0x46  Code  Gb  main.o [1]


[1] = C:\Embedded_Programming\Lesson_16\Debug\Obj
[2] = dl7M_tln.a
[3] = m7M_tls.a
[4] = rt7M_tl.a
[5] = shb_l.a

    396 bytes of readonly  code memory
    676 bytes of readonly  data memory
  1'024 bytes of readwrite data memory

Errors: none
Warnings: none
