###############################################################################
#
# IAR ELF Linker V8.40.2.214/W32 for ARM                  21/Jan/2020  08:36:19
# Copyright 2007-2019 IAR Systems AB.
#
#    Output file  =  C:\Embedded_Programming\Lesson_15\Debug\Exe\Project.out
#    Map file     =  C:\Embedded_Programming\Lesson_15\Debug\List\Project.map
#    Command line =
#        -f C:\Users\twojtasz\AppData\Local\Temp\EWD650.tmp
#        (C:\Embedded_Programming\Lesson_15\Debug\Obj\bsp.o
#        C:\Embedded_Programming\Lesson_15\Debug\Obj\delay.o
#        C:\Embedded_Programming\Lesson_15\Debug\Obj\main.o
#        C:\Embedded_Programming\Lesson_15\Debug\Obj\startup_tm4c.o
#        --no_out_extension -o
#        C:\Embedded_Programming\Lesson_15\Debug\Exe\Project.out --redirect
#        _Printf=_PrintfFullNoMb --redirect _Scanf=_ScanfFullNoMb --map
#        C:\Embedded_Programming\Lesson_15\Debug\List\Project.map --config
#        C:\Embedded_Programming\Lesson_15\Project.icf --semihosting --entry
#        __iar_program_start --vfe --text_out locale)
#
###############################################################################

*******************************************************************************
*** RUNTIME MODEL ATTRIBUTES
***

CppFlavor       = *
__SystemLibrary = DLib
__dlib_version  = 6


*******************************************************************************
*** HEAP SELECTION
***

The basic heap was selected because some modules are built with
size limitations (and not runtime checking), and --advanced_heap
was not specified.


*******************************************************************************
*** PLACEMENT SUMMARY
***

"A0":  place at address 0x0 { ro section .intvec };
"P1":  place in [from 0x0 to 0x3'ffff] { ro };
define block CSTACK with size = 1K, alignment = 8 { };
define block HEAP with size = 0, alignment = 8 { };
"P2":  place in [from 0x2000'0000 to 0x2000'7fff] {
          rw, block CSTACK, block HEAP };
initialize by copy { rw };

  Section            Kind         Address   Size  Object
  -------            ----         -------   ----  ------
"A0":                                      0x26c
  .intvec            const            0x0  0x26c  startup_tm4c.o [1]
                                  - 0x26c  0x26c

"P1":                                      0x27f
  .text              ro code        0x26c   0xbc  main.o [1]
  .text              ro code        0x328   0x14  delay.o [1]
  .text              ro code        0x33c   0x54  startup_tm4c.o [1]
  .text              ro code        0x390   0x2c  bsp.o [1]
  .text              ro code        0x3bc   0x38  packbits_init_single.o [4]
  .text              ro code        0x3f4   0x28  data_init.o [4]
  .text              ro code        0x41c   0x22  fpinit_M.o [3]
  .iar.init_table    const          0x440   0x10  - Linker created -
  .text              ro code        0x450   0x1e  cmain.o [4]
  .text              ro code        0x46e    0x4  low_level_init.o [2]
  .text              ro code        0x472    0x4  exit.o [2]
  .text              ro code        0x478    0xa  cexit.o [4]
  .text              ro code        0x484   0x14  exit.o [5]
  .rodata            const          0x498    0xc  startup_tm4c.o [1]
  .rodata            const          0x4a4    0xc  startup_tm4c.o [1]
  .rodata            const          0x4b0    0xc  startup_tm4c.o [1]
  .rodata            const          0x4bc    0xc  startup_tm4c.o [1]
  .text              ro code        0x4c8    0xc  cstartup_M.o [4]
  .rodata            const          0x4d4    0x8  startup_tm4c.o [1]
  .rodata            const          0x4dc    0x0  packbits_init_single.o [4]
  Initializer bytes  const          0x4dc    0xf  <for P2-1>
                                  - 0x4eb  0x27f

"P2", part 1 of 2:                          0x24
  P2-1                        0x2000'0000   0x24  <Init block>
    .data            inited   0x2000'0000    0x4  main.o [1]
    .data            inited   0x2000'0004    0x8  main.o [1]
    .bss             inited   0x2000'000c    0x4  main.o [1]
    .bss             inited   0x2000'0010    0x8  main.o [1]
    .bss             inited   0x2000'0018    0xc  main.o [1]
                            - 0x2000'0024   0x24

"P2", part 2 of 2:                         0x400
  CSTACK                      0x2000'0028  0x400  <Block>
    CSTACK           uninit   0x2000'0028  0x400  <Block tail>
                            - 0x2000'0428  0x400

Unused ranges:

         From           To      Size
         ----           --      ----
        0x4eb     0x3'ffff  0x3'fb15
  0x2000'0024  0x2000'0027       0x4
  0x2000'0428  0x2000'7fff    0x7bd8


*******************************************************************************
*** INIT TABLE
***

          Address      Size
          -------      ----
Copy/packbits (__iar_packbits_init_single3)
    1 source range, total size 0xf (41% of destination):
                0x4dc   0xf
    1 destination range, total size 0x24:
          0x2000'0000  0x24



*******************************************************************************
*** MODULE SUMMARY
***

    Module                  ro code  ro data  rw data
    ------                  -------  -------  -------
command line/config:
    -------------------------------------------------
    Total:

C:\Embedded_Programming\Lesson_15\Debug\Obj: [1]
    bsp.o                        44
    delay.o                      20
    main.o                      188       15       36
    startup_tm4c.o               84      676
    -------------------------------------------------
    Total:                      336      691       36

dl7M_tln.a: [2]
    exit.o                        4
    low_level_init.o              4
    -------------------------------------------------
    Total:                        8

m7M_tls.a: [3]
    fpinit_M.o                   34
    -------------------------------------------------
    Total:                       34

rt7M_tl.a: [4]
    cexit.o                      10
    cmain.o                      30
    cstartup_M.o                 12
    data_init.o                  40
    packbits_init_single.o       56
    -------------------------------------------------
    Total:                      148

shb_l.a: [5]
    exit.o                       20
    -------------------------------------------------
    Total:                       20

    Gaps                          4        2
    Linker created                        16    1'024
-----------------------------------------------------
    Grand Total:                550      709    1'060


*******************************************************************************
*** ENTRY LIST
***

Entry                       Address   Size  Type      Object
-----                       -------   ----  ----      ------
.iar.init_table$$Base         0x440          --   Gb  - Linker created -
.iar.init_table$$Limit        0x450          --   Gb  - Linker created -
?main                         0x451         Code  Gb  cmain.o [4]
BusFault_Handler              0x35b    0xa  Code  Gb  startup_tm4c.o [1]
CSTACK$$Base            0x2000'0028          --   Gb  - Linker created -
CSTACK$$Limit           0x2000'0428         Data  Gb  - Linker created -
HardFault_Handler             0x33d    0xa  Code  Gb  startup_tm4c.o [1]
MemManage_Handler             0x351    0xa  Code  Gb  startup_tm4c.o [1]
NMI_Handler                   0x347    0xa  Code  Gb  startup_tm4c.o [1]
Region$$Table$$Base           0x440          --   Gb  - Linker created -
Region$$Table$$Limit          0x450          --   Gb  - Linker created -
SysTick_Handler               0x3bb    0x2  Code  Gb  bsp.o [1]
Unused_Handler                0x36f    0xa  Code  Gb  startup_tm4c.o [1]
UsageFault_Handler            0x365    0xa  Code  Gb  startup_tm4c.o [1]
__NVIC_SystemReset            0x391   0x1a  Code  Lc  bsp.o [1]
__cmain                       0x451         Code  Gb  cmain.o [4]
__exit                        0x485   0x14  Code  Gb  exit.o [5]
__iar_data_init3              0x3f5   0x28  Code  Gb  data_init.o [4]
__iar_init_vfp                0x41d         Code  Gb  fpinit_M.o [3]
__iar_packbits_init_single3
                              0x3bd   0x38  Code  Gb  packbits_init_single.o [4]
__iar_program_start           0x4c9         Code  Gb  cstartup_M.o [4]
__low_level_init              0x46f    0x4  Code  Gb  low_level_init.o [2]
__vector_table                  0x0  0x26c  Data  Gb  startup_tm4c.o [1]
_call_main                    0x45d         Code  Gb  cmain.o [4]
_exit                         0x479         Code  Gb  cexit.o [4]
_main                         0x46b         Code  Gb  cmain.o [4]
assert_failed                 0x3b5    0x6  Code  Gb  bsp.o [1]
delay                         0x329   0x14  Code  Gb  delay.o [1]
exit                          0x473    0x4  Code  Gb  exit.o [2]
main                          0x26d   0xbc  Code  Gb  main.o [1]
p1                      0x2000'0000    0x4  Data  Gb  main.o [1]
p2                      0x2000'000c    0x4  Data  Gb  main.o [1]
t                       0x2000'0018    0xc  Data  Gb  main.o [1]
w                       0x2000'0004    0x8  Data  Gb  main.o [1]
w2                      0x2000'0010    0x8  Data  Gb  main.o [1]


[1] = C:\Embedded_Programming\Lesson_15\Debug\Obj
[2] = dl7M_tln.a
[3] = m7M_tls.a
[4] = rt7M_tl.a
[5] = shb_l.a

    550 bytes of readonly  code memory
    709 bytes of readonly  data memory
  1'060 bytes of readwrite data memory

Errors: none
Warnings: none
