###############################################################################
#
# IAR ELF Linker V8.40.2.214/W32 for ARM                  14/Nov/2019  13:46:23
# Copyright 2007-2019 IAR Systems AB.
#
#    Output file  =  C:\Embedded_Programming\Lesson_01\Debug\Exe\Project.out
#    Map file     =  C:\Embedded_Programming\Lesson_01\Debug\List\Project.map
#    Command line =
#        -f C:\Users\twojtasz\AppData\Local\Temp\EW7133.tmp
#        (C:\Embedded_Programming\Lesson_01\Debug\Obj\main.o --no_out_extension
#        -o C:\Embedded_Programming\Lesson_01\Debug\Exe\Project.out --redirect
#        _Printf=_PrintfFullNoMb --redirect _Scanf=_ScanfFullNoMb --map
#        C:\Embedded_Programming\Lesson_01\Debug\List\Project.map --config
#        "C:\Program Files (x86)\IAR Systems\Embedded Workbench
#        8.3\arm\config\linker\TexasInstruments\TM4C123GH6.icf" --semihosting
#        --entry __iar_program_start --vfe --text_out locale)
#
###############################################################################

*******************************************************************************
*** RUNTIME MODEL ATTRIBUTES
***

CppFlavor       = *
__SystemLibrary = DLib
__dlib_version  = 6


*******************************************************************************
*** HEAP SELECTION
***

The basic heap was selected because some modules are built with
size limitations (and not runtime checking), and --advanced_heap
was not specified.


*******************************************************************************
*** PLACEMENT SUMMARY
***

"A0":  place at address 0x0 { ro section .intvec };
"P1":  place in [from 0x0 to 0x3'ffff] { ro };
define block CSTACK with size = 4K, alignment = 8 { };
define block HEAP with size = 8K, alignment = 8 { };
"P2":  place in [from 0x2000'0000 to 0x2000'7fff] {
          rw, block CSTACK, block HEAP };

No sections matched the following patterns:

  rw  in "P2"


  Section   Kind         Address    Size  Object
  -------   ----         -------    ----  ------
"A0":                               0x40
  .intvec   ro code          0x0    0x40  vector_table_M.o [4]
                          - 0x40    0x40

"P1":                               0xa4
  .text     ro code         0x40    0x2a  main.o [1]
  .text     ro code         0x6a     0x2  vector_table_M.o [4]
  .text     ro code         0x6c    0x22  fpinit_M.o [3]
  .text     ro code         0x90    0x1e  cmain.o [4]
  .text     ro code         0xae     0x4  low_level_init.o [2]
  .text     ro code         0xb2     0x4  exit.o [2]
  .text     ro code         0xb8     0xa  cexit.o [4]
  .text     ro code         0xc4    0x14  exit.o [5]
  .text     ro code         0xd8     0xc  cstartup_M.o [4]
                          - 0xe4    0xa4

"P2":                             0x1000
  CSTACK             0x2000'0000  0x1000  <Block>
    CSTACK  uninit   0x2000'0000  0x1000  <Block tail>
                   - 0x2000'1000  0x1000

Unused ranges:

         From           To      Size
         ----           --      ----
         0xe4     0x3'ffff  0x3'ff1c
  0x2000'1000  0x2000'7fff    0x7000



*******************************************************************************
*** MODULE SUMMARY
***

    Module            ro code  rw data
    ------            -------  -------
command line/config:
    ----------------------------------
    Total:

C:\Embedded_Programming\Lesson_01\Debug\Obj: [1]
    main.o                 42
    ----------------------------------
    Total:                 42

dl7M_tln.a: [2]
    exit.o                  4
    low_level_init.o        4
    ----------------------------------
    Total:                  8

m7M_tls.a: [3]
    fpinit_M.o             34
    ----------------------------------
    Total:                 34

rt7M_tl.a: [4]
    cexit.o                10
    cmain.o                30
    cstartup_M.o           12
    vector_table_M.o       66
    ----------------------------------
    Total:                118

shb_l.a: [5]
    exit.o                 20
    ----------------------------------
    Total:                 20

    Gaps                    6
    Linker created               4'096
--------------------------------------
    Grand Total:          228    4'096


*******************************************************************************
*** ENTRY LIST
***

Entry                     Address  Size  Type      Object
-----                     -------  ----  ----      ------
?main                        0x91        Code  Gb  cmain.o [4]
CSTACK$$Base          0x2000'0000         --   Gb  - Linker created -
CSTACK$$Limit         0x2000'1000         --   Gb  - Linker created -
Region$$Table$$Base           0x0         --   Gb  - Linker created -
Region$$Table$$Limit          0x0         --   Gb  - Linker created -
__cmain                      0x91        Code  Gb  cmain.o [4]
__exit                       0xc5  0x14  Code  Gb  exit.o [5]
__iar_init_vfp               0x6d        Code  Gb  fpinit_M.o [3]
__iar_program_start          0xd9        Code  Gb  cstartup_M.o [4]
__low_level_init             0xaf   0x4  Code  Gb  low_level_init.o [2]
__vector_table                0x0        Data  Gb  vector_table_M.o [4]
_call_main                   0x9d        Code  Gb  cmain.o [4]
_exit                        0xb9        Code  Gb  cexit.o [4]
_main                        0xab        Code  Gb  cmain.o [4]
exit                         0xb3   0x4  Code  Gb  exit.o [2]
main                         0x41  0x2a  Code  Gb  main.o [1]


[1] = C:\Embedded_Programming\Lesson_01\Debug\Obj
[2] = dl7M_tln.a
[3] = m7M_tls.a
[4] = rt7M_tl.a
[5] = shb_l.a

    228 bytes of readonly  code memory
  4'096 bytes of readwrite data memory

Errors: none
Warnings: none
