###############################################################################
#
# IAR ELF Linker V8.40.2.214/W32 for ARM                  29/Nov/2019  06:54:35
# Copyright 2007-2019 IAR Systems AB.
#
#    Output file  =  C:\Embedded_Programming\Lesson_07\Debug\Exe\Project.out
#    Map file     =  C:\Embedded_Programming\Lesson_07\Debug\List\Project.map
#    Command line =
#        -f C:\Users\twojtasz\AppData\Local\Temp\EWFBAE.tmp
#        (C:\Embedded_Programming\Lesson_07\Debug\Obj\main.o --no_out_extension
#        -o C:\Embedded_Programming\Lesson_07\Debug\Exe\Project.out --redirect
#        _Printf=_PrintfFullNoMb --redirect _Scanf=_ScanfFullNoMb --map
#        C:\Embedded_Programming\Lesson_07\Debug\List\Project.map --config
#        "C:\Program Files (x86)\IAR Systems\Embedded Workbench
#        8.3\arm\config\linker\TexasInstruments\TM4C123GH6.icf" --semihosting
#        --entry __iar_program_start --vfe --text_out locale)
#
###############################################################################

*******************************************************************************
*** RUNTIME MODEL ATTRIBUTES
***

CppFlavor       = *
__SystemLibrary = DLib
__dlib_version  = 6


*******************************************************************************
*** HEAP SELECTION
***

The basic heap was selected because some modules are built with
size limitations (and not runtime checking), and --advanced_heap
was not specified.


*******************************************************************************
*** PLACEMENT SUMMARY
***

"A0":  place at address 0x0 { ro section .intvec };
"P1":  place in [from 0x0 to 0x3'ffff] { ro };
define block CSTACK with size = 4K, alignment = 8 { };
define block HEAP with size = 8K, alignment = 8 { };
"P2":  place in [from 0x2000'0000 to 0x2000'7fff] {
          rw, block CSTACK, block HEAP };

No sections matched the following patterns:

  rw  in "P2"


  Section   Kind         Address    Size  Object
  -------   ----         -------    ----  ------
"A0":                               0x40
  .intvec   ro code          0x0    0x40  vector_table_M.o [4]
                          - 0x40    0x40

"P1":                              0x174
  .text     ro code         0x40    0x80  main.o [1]
  .text     ro code         0xc0    0x14  memset.o [4]
  .text     ro code         0xd4    0x66  ABImemset.o [4]
  .text     ro code        0x13a     0x2  vector_table_M.o [4]
  .text     ro code        0x13c    0x22  fpinit_M.o [3]
  .text     ro code        0x160    0x1e  cmain.o [4]
  .text     ro code        0x17e     0x4  low_level_init.o [2]
  .text     ro code        0x182     0x4  exit.o [2]
  .text     ro code        0x188     0xa  cexit.o [4]
  .text     ro code        0x194    0x14  exit.o [5]
  .text     ro code        0x1a8     0xc  cstartup_M.o [4]
                         - 0x1b4   0x174

"P2":                             0x1000
  CSTACK             0x2000'0000  0x1000  <Block>
    CSTACK  uninit   0x2000'0000  0x1000  <Block tail>
                   - 0x2000'1000  0x1000

Unused ranges:

         From           To      Size
         ----           --      ----
        0x1b4     0x3'ffff  0x3'fe4c
  0x2000'1000  0x2000'7fff    0x7000



*******************************************************************************
*** MODULE SUMMARY
***

    Module            ro code  rw data
    ------            -------  -------
command line/config:
    ----------------------------------
    Total:

C:\Embedded_Programming\Lesson_07\Debug\Obj: [1]
    main.o                128
    ----------------------------------
    Total:                128

dl7M_tln.a: [2]
    exit.o                  4
    low_level_init.o        4
    ----------------------------------
    Total:                  8

m7M_tls.a: [3]
    fpinit_M.o             34
    ----------------------------------
    Total:                 34

rt7M_tl.a: [4]
    ABImemset.o           102
    cexit.o                10
    cmain.o                30
    cstartup_M.o           12
    memset.o               20
    vector_table_M.o       66
    ----------------------------------
    Total:                240

shb_l.a: [5]
    exit.o                 20
    ----------------------------------
    Total:                 20

    Gaps                    6
    Linker created               4'096
--------------------------------------
    Grand Total:          436    4'096


*******************************************************************************
*** ENTRY LIST
***

Entry                     Address  Size  Type      Object
-----                     -------  ----  ----      ------
?main                       0x161        Code  Gb  cmain.o [4]
CSTACK$$Base          0x2000'0000         --   Gb  - Linker created -
CSTACK$$Limit         0x2000'1000         --   Gb  - Linker created -
Region$$Table$$Base           0x0         --   Gb  - Linker created -
Region$$Table$$Limit          0x0         --   Gb  - Linker created -
__aeabi_memset               0xd5        Code  Gb  ABImemset.o [4]
__cmain                     0x161        Code  Gb  cmain.o [4]
__exit                      0x195  0x14  Code  Gb  exit.o [5]
__iar_Memset                 0xd5        Code  Gb  ABImemset.o [4]
__iar_Memset_word            0xdd        Code  Gb  ABImemset.o [4]
__iar_init_vfp              0x13d        Code  Gb  fpinit_M.o [3]
__iar_program_start         0x1a9        Code  Gb  cstartup_M.o [4]
__low_level_init            0x17f   0x4  Code  Gb  low_level_init.o [2]
__vector_table                0x0        Data  Gb  vector_table_M.o [4]
_call_main                  0x16d        Code  Gb  cmain.o [4]
_exit                       0x189        Code  Gb  cexit.o [4]
_main                       0x17b        Code  Gb  cmain.o [4]
exit                        0x183   0x4  Code  Gb  exit.o [2]
main                         0x41  0x80  Code  Gb  main.o [1]
memset                       0xc1  0x14  Code  Gb  memset.o [4]


[1] = C:\Embedded_Programming\Lesson_07\Debug\Obj
[2] = dl7M_tln.a
[3] = m7M_tls.a
[4] = rt7M_tl.a
[5] = shb_l.a

    436 bytes of readonly  code memory
  4'096 bytes of readwrite data memory

Errors: none
Warnings: none
