###############################################################################
#
# IAR ELF Linker V8.40.2.214/W32 for ARM                  05/Dec/2019  13:54:33
# Copyright 2007-2019 IAR Systems AB.
#
#    Output file  =  C:\Embedded_Programming\Lesson_10\Debug\Exe\Project.out
#    Map file     =  C:\Embedded_Programming\Lesson_10\Debug\List\Project.map
#    Command line =
#        -f C:\Users\twojtasz\AppData\Local\Temp\EW853D.tmp
#        (C:\Embedded_Programming\Lesson_10\Debug\Obj\delay.o
#        C:\Embedded_Programming\Lesson_10\Debug\Obj\main.o --no_out_extension
#        -o C:\Embedded_Programming\Lesson_10\Debug\Exe\Project.out --redirect
#        _Printf=_PrintfFullNoMb --redirect _Scanf=_ScanfFullNoMb --map
#        C:\Embedded_Programming\Lesson_10\Debug\List\Project.map --config
#        C:\Embedded_Programming\Lesson_10\Project.icf --semihosting --entry
#        __iar_program_start --vfe --text_out locale)
#
###############################################################################

*******************************************************************************
*** RUNTIME MODEL ATTRIBUTES
***

CppFlavor       = *
__SystemLibrary = DLib
__dlib_version  = 6


*******************************************************************************
*** HEAP SELECTION
***

The basic heap was selected because some modules are built with
size limitations (and not runtime checking), and --advanced_heap
was not specified.


*******************************************************************************
*** PLACEMENT SUMMARY
***

"A0":  place at address 0x0 { ro section .intvec };
"P1":  place in [from 0x0 to 0x3'ffff] { ro };
define block CSTACK with size = 1K, alignment = 8 { };
define block HEAP with size = 0, alignment = 8 { };
"P2":  place in [from 0x2000'0000 to 0x2000'7fff] {
          rw, block CSTACK, block HEAP };

  Section          Kind         Address   Size  Object
  -------          ----         -------   ----  ------
"A0":                                     0x40
  .intvec          ro code          0x0   0x40  vector_table_M.o [4]
                                 - 0x40   0x40

"P1":                                    0x194
  .text            ro code         0x40   0x94  main.o [1]
  .text            ro code         0xd4   0x14  delay.o [1]
  .text            ro code         0xe8   0x3a  zero_init3.o [4]
  .text            ro code        0x122    0x2  vector_table_M.o [4]
  .text            ro code        0x124   0x28  data_init.o [4]
  .text            ro code        0x14c   0x22  fpinit_M.o [3]
  .iar.init_table  const          0x170   0x10  - Linker created -
  .text            ro code        0x180   0x1e  cmain.o [4]
  .text            ro code        0x19e    0x4  low_level_init.o [2]
  .text            ro code        0x1a2    0x4  exit.o [2]
  .text            ro code        0x1a8    0xa  cexit.o [4]
  .text            ro code        0x1b4   0x14  exit.o [5]
  .text            ro code        0x1c8    0xc  cstartup_M.o [4]
  .rodata          const          0x1d4    0x0  zero_init3.o [4]
                                - 0x1d4  0x194

"P2", part 1 of 2:                         0x8
  .bss             zero     0x2000'0000    0x8  main.o [1]
                          - 0x2000'0008    0x8

"P2", part 2 of 2:                       0x400
  CSTACK                    0x2000'0008  0x400  <Block>
    CSTACK         uninit   0x2000'0008  0x400  <Block tail>
                          - 0x2000'0408  0x400

Unused ranges:

         From           To      Size
         ----           --      ----
        0x1d4     0x3'ffff  0x3'fe2c
  0x2000'0408  0x2000'7fff    0x7bf8


*******************************************************************************
*** INIT TABLE
***

          Address      Size
          -------      ----
Zero (__iar_zero_init3)
    1 destination range, total size 0x8:
          0x2000'0000   0x8



*******************************************************************************
*** MODULE SUMMARY
***

    Module            ro code  ro data  rw data
    ------            -------  -------  -------
command line/config:
    -------------------------------------------
    Total:

C:\Embedded_Programming\Lesson_10\Debug\Obj: [1]
    delay.o                20
    main.o                148                 8
    -------------------------------------------
    Total:                168                 8

dl7M_tln.a: [2]
    exit.o                  4
    low_level_init.o        4
    -------------------------------------------
    Total:                  8

m7M_tls.a: [3]
    fpinit_M.o             34
    -------------------------------------------
    Total:                 34

rt7M_tl.a: [4]
    cexit.o                10
    cmain.o                30
    cstartup_M.o           12
    data_init.o            40
    vector_table_M.o       66
    zero_init3.o           58
    -------------------------------------------
    Total:                216

shb_l.a: [5]
    exit.o                 20
    -------------------------------------------
    Total:                 20

    Gaps                    4        2
    Linker created                  16    1'024
-----------------------------------------------
    Grand Total:          450       18    1'032


*******************************************************************************
*** ENTRY LIST
***

Entry                       Address  Size  Type      Object
-----                       -------  ----  ----      ------
.iar.init_table$$Base         0x170         --   Gb  - Linker created -
.iar.init_table$$Limit        0x180         --   Gb  - Linker created -
?main                         0x181        Code  Gb  cmain.o [4]
CSTACK$$Base            0x2000'0008         --   Gb  - Linker created -
CSTACK$$Limit           0x2000'0408         --   Gb  - Linker created -
Region$$Table$$Base           0x170         --   Gb  - Linker created -
Region$$Table$$Limit          0x180         --   Gb  - Linker created -
__cmain                       0x181        Code  Gb  cmain.o [4]
__exit                        0x1b5  0x14  Code  Gb  exit.o [5]
__iar_data_init3              0x125  0x28  Code  Gb  data_init.o [4]
__iar_init_vfp                0x14d        Code  Gb  fpinit_M.o [3]
__iar_program_start           0x1c9        Code  Gb  cstartup_M.o [4]
__iar_zero_init3               0xe9  0x3a  Code  Gb  zero_init3.o [4]
__low_level_init              0x19f   0x4  Code  Gb  low_level_init.o [2]
__vector_table                  0x0        Data  Gb  vector_table_M.o [4]
_call_main                    0x18d        Code  Gb  cmain.o [4]
_exit                         0x1a9        Code  Gb  cexit.o [4]
_main                         0x19b        Code  Gb  cmain.o [4]
delay                          0xd5  0x14  Code  Gb  delay.o [1]
exit                          0x1a3   0x4  Code  Gb  exit.o [2]
main                           0x57  0x5a  Code  Gb  main.o [1]
swap                           0x41  0x16  Code  Gb  main.o [1]
swap::tmp               0x2000'0000   0x8  Data  Lc  main.o [1]


[1] = C:\Embedded_Programming\Lesson_10\Debug\Obj
[2] = dl7M_tln.a
[3] = m7M_tls.a
[4] = rt7M_tl.a
[5] = shb_l.a

    450 bytes of readonly  code memory
     18 bytes of readonly  data memory
  1'032 bytes of readwrite data memory

Errors: none
Warnings: none
